******************************************************************************
                  TI ARM Linker PC v20.2.5                     
******************************************************************************
>> Linked Tue May 10 18:40:15 2022

OUTPUT FILE NAME:   <DSPProyecto.out>
ENTRY POINT SYMBOL: "_c_int00_noargs"  address: 00001071


MEMORY CONFIGURATION

         name            origin    length      used     unused   attr    fill
----------------------  --------  ---------  --------  --------  ----  --------
  FLASH                 00000000   00040000  000013be  0003ec42  R  X
  SRAM                  20000000   00008000  00000212  00007dee  RW X


SEGMENT ALLOCATION MAP

run origin  load origin   length   init length attrs members
----------  ----------- ---------- ----------- ----- -------
00000000    00000000    000013c0   000013c0    r-x
  00000000    00000000    0000026c   0000026c    r-- .intvecs
  0000026c    0000026c    00000fe2   00000fe2    r-x .text
  00001250    00001250    00000140   00000140    r-- .const
  00001390    00001390    00000030   00000030    r-- .cinit
20000000    20000000    00000214   00000000    rw-
  20000000    20000000    00000200   00000000    rw- .stack
  20000200    20000200    0000000a   00000000    rw- .data
  2000020c    2000020c    00000008   00000000    rw- .bss


SECTION ALLOCATION MAP

 output                                  attributes/
section   page    origin      length       input sections
--------  ----  ----------  ----------   ----------------
.intvecs   0    00000000    0000026c     
                  00000000    0000026c     tm4c123gh6pm_startup_ccs.obj (.intvecs)

.text      0    0000026c    00000fe2     
                  0000026c    000004e8     uartstdio.obj (.text)
                  00000754    000001cc     main.obj (.text)
                  00000920    0000016c     driverlib.lib : gpio.obj (.text:GPIOPadConfigSet)
                  00000a8c    00000118                   : sysctl.obj (.text:SysCtlClockGet)
                  00000ba4    000000f4                   : sysctl.obj (.text:SysCtlClockSet)
                  00000c98    0000009c     rtsv7M4_T_le_v4SPD16_eabi.lib : memcpy_t2.asm.obj (.text)
                  00000d34    0000007a     driverlib.lib : adc.obj (.text:ADCSequenceStepConfigure)
                  00000dae    00000002     rtsv7M4_T_le_v4SPD16_eabi.lib : div0.asm.obj (.text)
                  00000db0    00000068     driverlib.lib : interrupt.obj (.text:IntEnable)
                  00000e18    00000068     rtsv7M4_T_le_v4SPD16_eabi.lib : copy_decompress_lzss.c.obj (.text:decompress:lzss:__TI_decompress_lzss)
                  00000e80    00000060     driverlib.lib : timer.obj (.text:TimerConfigure)
                  00000ee0    0000004e                   : adc.obj (.text:ADCSequenceConfigure)
                  00000f2e    00000002     --HOLE-- [fill = 0]
                  00000f30    0000004c                   : gpio.obj (.text:GPIOPinConfigure)
                  00000f7c    00000044     rtsv7M4_T_le_v4SPD16_eabi.lib : autoinit.c.obj (.text:__TI_auto_init_nobinit_nopinit:__TI_auto_init_nobinit_nopinit)
                  00000fc0    00000040                                   : u_divt2.asm.obj (.text)
                  00001000    0000003c     driverlib.lib : ssi.obj (.text:SSIConfigSetExpClk)
                  0000103c    00000034                   : sysctl.obj (.text:SysCtlPeripheralEnable)
                  00001070    00000034     rtsv7M4_T_le_v4SPD16_eabi.lib : boot_cortex_m.c.obj (.text:_c_int00_noargs:_c_int00_noargs)
                  000010a4    0000002e     driverlib.lib : adc.obj (.text:ADCIntStatus)
                  000010d2    0000002c                   : gpio.obj (.text:GPIODirModeSet)
                  000010fe    0000001e                   : adc.obj (.text:ADCSequenceDataGet)
                  0000111c    0000001c     rtsv7M4_T_le_v4SPD16_eabi.lib : copy_zero_init.c.obj (.text:decompress:ZI:__TI_zero_init_nomemset:__TI_zero_init_nomemset)
                  00001138    00000018     driverlib.lib : adc.obj (.text:ADCProcessorTrigger)
                  00001150    00000016                   : gpio.obj (.text:GPIOPinTypeADC)
                  00001166    00000016                   : gpio.obj (.text:GPIOPinTypeSSI)
                  0000117c    00000016                   : gpio.obj (.text:GPIOPinTypeUART)
                  00001192    00000012                   : ssi.obj (.text:SSIDataGetNonBlocking)
                  000011a4    00000012                   : timer.obj (.text:TimerLoadSet)
                  000011b6    00000010                   : interrupt.obj (.text:IntMasterEnable)
                  000011c6    0000000e                   : adc.obj (.text:ADCSequenceEnable)
                  000011d4    0000000e                   : timer.obj (.text:TimerEnable)
                  000011e2    0000000e     rtsv7M4_T_le_v4SPD16_eabi.lib : copy_decompress_none.c.obj (.text:decompress:none:__TI_decompress_none)
                  000011f0    0000000c     driverlib.lib : cpu.obj (.text:CPUcpsie)
                  000011fc    0000000c     tm4c123gh6pm_startup_ccs.obj (.text)
                  00001208    0000000a     driverlib.lib : adc.obj (.text:ADCIntClear)
                  00001212    0000000a                   : ssi.obj (.text:SSIDataPut)
                  0000121c    0000000a                   : ssi.obj (.text:SSIEnable)
                  00001226    00000008                   : ssi.obj (.text:SSIBusy)
                  0000122e    00000008                   : timer.obj (.text:TimerIntEnable)
                  00001236    00000006                   : sysctl.obj (.text:SysCtlDelay)
                  0000123c    00000006                   : uart.obj (.text:UARTClockSourceSet)
                  00001242    00000004                   : timer.obj (.text:TimerIntClear)
                  00001246    00000004     rtsv7M4_T_le_v4SPD16_eabi.lib : pre_init.c.obj (.text:_system_pre_init)
                  0000124a    00000004                                   : exit.c.obj (.text:abort:abort)

.const     0    00001250    00000140     
                  00001250    00000090     driverlib.lib : gpio.obj (.const:g_pui32GPIOBaseAddrs)
                  000012e0    0000006c                   : sysctl.obj (.const:g_pui32Xtals)
                  0000134c    00000014                   : interrupt.obj (.const:g_pui32EnRegs)
                  00001360    00000012     uartstdio.obj (.const:.string)
                  00001372    00000002     --HOLE-- [fill = 0]
                  00001374    0000000c     uartstdio.obj (.const:g_ui32UARTBase)
                  00001380    0000000c     uartstdio.obj (.const:g_ui32UARTPeriph)
                  0000138c    00000004     uartstdio.obj (.const)

.cinit     0    00001390    00000030     
                  00001390    0000000c     (__TI_handler_table)
                  0000139c    00000009     (.cinit..data.load) [load image, compression = lzss]
                  000013a5    00000003     --HOLE-- [fill = 0]
                  000013a8    00000008     (.cinit..bss.load) [load image, compression = zero_init]
                  000013b0    00000010     (__TI_cinit_table)

.init_array 
*          0    00000000    00000000     UNINITIALIZED

.data      0    20000200    0000000a     UNINITIALIZED
                  20000200    00000005     uartstdio.obj (.data)
                  20000205    00000001     --HOLE--
                  20000206    00000004     main.obj (.data)

.bss       0    2000020c    00000008     UNINITIALIZED
                  2000020c    00000004     (.common:ADCvalue)
                  20000210    00000004     (.common:pui32DataTx)

.stack     0    20000000    00000200     UNINITIALIZED
                  20000000    00000004     rtsv7M4_T_le_v4SPD16_eabi.lib : boot_cortex_m.c.obj (.stack)
                  20000004    000001fc     --HOLE--

__llvm_prf_cnts 
*          0    20000000    00000000     UNINITIALIZED

MODULE SUMMARY

       Module                         code   ro data   rw data
       ------                         ----   -------   -------
    .\
       uartstdio.obj                  1256   46        5      
       tm4c123gh6pm_startup_ccs.obj   12     620       0      
       main.obj                       460    0         12     
    +--+------------------------------+------+---------+---------+
       Total:                         1728   666       17     
                                                              
    D:/SDKs/ti/TivaWare_C_Series-2.2.0.295/driverlib/ccs/Debug/driverlib.lib
       gpio.obj                       550    144       0      
       sysctl.obj                     582    108       0      
       adc.obj                        324    0         0      
       interrupt.obj                  120    20        0      
       timer.obj                      140    0         0      
       ssi.obj                        106    0         0      
       cpu.obj                        12     0         0      
       uart.obj                       6      0         0      
    +--+------------------------------+------+---------+---------+
       Total:                         1840   272       0      
                                                              
    D:\programas\ti\ccs1110\ccs\tools\compiler\ti-cgt-arm_20.2.5.LTS\lib\rtsv7M4_T_le_v4SPD16_eabi.lib
       memcpy_t2.asm.obj              156    0         0      
       copy_decompress_lzss.c.obj     104    0         0      
       autoinit.c.obj                 68     0         0      
       u_divt2.asm.obj                64     0         0      
       boot_cortex_m.c.obj            52     0         0      
       copy_zero_init.c.obj           28     0         0      
       copy_decompress_none.c.obj     14     0         0      
       exit.c.obj                     4      0         0      
       pre_init.c.obj                 4      0         0      
       div0.asm.obj                   2      0         0      
    +--+------------------------------+------+---------+---------+
       Total:                         496    0         0      
                                                              
       Stack:                         0      0         512    
       Linker Generated:              0      45        0      
    +--+------------------------------+------+---------+---------+
       Grand Total:                   4064   983       529    


LINKER GENERATED COPY TABLES

__TI_cinit_table @ 000013b0 records: 2, size/record: 8, table size: 16
	.data: load addr=0000139c, load size=00000009 bytes, run addr=20000200, run size=0000000a bytes, compression=lzss
	.bss: load addr=000013a8, load size=00000008 bytes, run addr=2000020c, run size=00000008 bytes, compression=zero_init


LINKER GENERATED HANDLER TABLE

__TI_handler_table @ 00001390 records: 3, size/record: 4, table size: 12
	index: 0, handler: __TI_decompress_lzss
	index: 1, handler: __TI_decompress_none
	index: 2, handler: __TI_zero_init


GLOBAL SYMBOLS: SORTED ALPHABETICALLY BY Name 

address   name                          
-------   ----                          
00001209  ADCIntClear                   
000010a5  ADCIntStatus                  
00001139  ADCProcessorTrigger           
00000ee1  ADCSequenceConfigure          
000010ff  ADCSequenceDataGet            
000011c7  ADCSequenceEnable             
00000d35  ADCSequenceStepConfigure      
2000020c  ADCvalue                      
0000124b  C$$EXIT                       
000011f1  CPUcpsie                      
000010d3  GPIODirModeSet                
00000921  GPIOPadConfigSet              
00000f31  GPIOPinConfigure              
00001151  GPIOPinTypeADC                
00001167  GPIOPinTypeSSI                
0000117d  GPIOPinTypeUART               
00000db1  IntEnable                     
000011b7  IntMasterEnable               
000011fd  ResetISR                      
00001227  SSIBusy                       
00001001  SSIConfigSetExpClk            
00001193  SSIDataGetNonBlocking         
00001213  SSIDataPut                    
0000121d  SSIEnable                     
00000a8d  SysCtlClockGet                
00000ba5  SysCtlClockSet                
00001237  SysCtlDelay                   
0000103d  SysCtlPeripheralEnable        
00000755  Timer0IntHandler              
00000e81  TimerConfigure                
000011d5  TimerEnable                   
00001243  TimerIntClear                 
0000122f  TimerIntEnable                
000011a5  TimerLoadSet                  
0000123d  UARTClockSourceSet            
0000026d  UARTStdioConfig               
000003ef  UARTgetc                      
00000329  UARTgets                      
0000071f  UARTprintf                    
00000425  UARTvprintf                   
000002cd  UARTwrite                     
20000200  __STACK_END                   
00000200  __STACK_SIZE                  
20000200  __STACK_TOP                   
000013b0  __TI_CINIT_Base               
000013c0  __TI_CINIT_Limit              
00001390  __TI_Handler_Table_Base       
0000139c  __TI_Handler_Table_Limit      
00000f7d  __TI_auto_init_nobinit_nopinit
00000e19  __TI_decompress_lzss          
000011e3  __TI_decompress_none          
ffffffff  __TI_pprof_out_hndl           
ffffffff  __TI_prof_data_size           
ffffffff  __TI_prof_data_start          
00000000  __TI_static_base__            
0000111d  __TI_zero_init_nomemset       
00000daf  __aeabi_idiv0                 
00000daf  __aeabi_ldiv0                 
00000c99  __aeabi_memcpy                
00000c99  __aeabi_memcpy4               
00000c99  __aeabi_memcpy8               
00000fc1  __aeabi_uidiv                 
00000fc1  __aeabi_uidivmod              
ffffffff  __binit__                     
ffffffff  __c_args__                    
UNDEFED   __mpu_init                    
20000000  __stack                       
20000000  __start___llvm_prf_cnts       
20000000  __stop___llvm_prf_cnts        
00001071  _c_int00_noargs               
UNDEFED   _system_post_cinit            
00001247  _system_pre_init              
0000124b  abort                         
ffffffff  binit                         
20000206  cont                          
20000208  freq_muestreo                 
00000000  g_pfnVectors                  
000007b7  main                          
00000c99  memcpy                        
20000210  pui32DataTx                   


GLOBAL SYMBOLS: SORTED BY Symbol Address 

address   name                          
-------   ----                          
00000000  __TI_static_base__            
00000000  g_pfnVectors                  
00000200  __STACK_SIZE                  
0000026d  UARTStdioConfig               
000002cd  UARTwrite                     
00000329  UARTgets                      
000003ef  UARTgetc                      
00000425  UARTvprintf                   
0000071f  UARTprintf                    
00000755  Timer0IntHandler              
000007b7  main                          
00000921  GPIOPadConfigSet              
00000a8d  SysCtlClockGet                
00000ba5  SysCtlClockSet                
00000c99  __aeabi_memcpy                
00000c99  __aeabi_memcpy4               
00000c99  __aeabi_memcpy8               
00000c99  memcpy                        
00000d35  ADCSequenceStepConfigure      
00000daf  __aeabi_idiv0                 
00000daf  __aeabi_ldiv0                 
00000db1  IntEnable                     
00000e19  __TI_decompress_lzss          
00000e81  TimerConfigure                
00000ee1  ADCSequenceConfigure          
00000f31  GPIOPinConfigure              
00000f7d  __TI_auto_init_nobinit_nopinit
00000fc1  __aeabi_uidiv                 
00000fc1  __aeabi_uidivmod              
00001001  SSIConfigSetExpClk            
0000103d  SysCtlPeripheralEnable        
00001071  _c_int00_noargs               
000010a5  ADCIntStatus                  
000010d3  GPIODirModeSet                
000010ff  ADCSequenceDataGet            
0000111d  __TI_zero_init_nomemset       
00001139  ADCProcessorTrigger           
00001151  GPIOPinTypeADC                
00001167  GPIOPinTypeSSI                
0000117d  GPIOPinTypeUART               
00001193  SSIDataGetNonBlocking         
000011a5  TimerLoadSet                  
000011b7  IntMasterEnable               
000011c7  ADCSequenceEnable             
000011d5  TimerEnable                   
000011e3  __TI_decompress_none          
000011f1  CPUcpsie                      
000011fd  ResetISR                      
00001209  ADCIntClear                   
00001213  SSIDataPut                    
0000121d  SSIEnable                     
00001227  SSIBusy                       
0000122f  TimerIntEnable                
00001237  SysCtlDelay                   
0000123d  UARTClockSourceSet            
00001243  TimerIntClear                 
00001247  _system_pre_init              
0000124b  C$$EXIT                       
0000124b  abort                         
00001390  __TI_Handler_Table_Base       
0000139c  __TI_Handler_Table_Limit      
000013b0  __TI_CINIT_Base               
000013c0  __TI_CINIT_Limit              
20000000  __stack                       
20000000  __start___llvm_prf_cnts       
20000000  __stop___llvm_prf_cnts        
20000200  __STACK_END                   
20000200  __STACK_TOP                   
20000206  cont                          
20000208  freq_muestreo                 
2000020c  ADCvalue                      
20000210  pui32DataTx                   
ffffffff  __TI_pprof_out_hndl           
ffffffff  __TI_prof_data_size           
ffffffff  __TI_prof_data_start          
ffffffff  __binit__                     
ffffffff  __c_args__                    
ffffffff  binit                         
UNDEFED   __mpu_init                    
UNDEFED   _system_post_cinit            

[80 symbols]
