******************************************************************************
                  TI ARM Linker PC v20.2.5                     
******************************************************************************
>> Linked Mon May  9 16:56:54 2022

OUTPUT FILE NAME:   <DSPProyecto.out>
ENTRY POINT SYMBOL: "_c_int00_noargs"  address: 00000c45


MEMORY CONFIGURATION

         name            origin    length      used     unused   attr    fill
----------------------  --------  ---------  --------  --------  ----  --------
  FLASH                 00000000   00040000  00000dc2  0003f23e  R  X
  SRAM                  20000000   00008000  00000208  00007df8  RW X


SEGMENT ALLOCATION MAP

run origin  load origin   length   init length attrs members
----------  ----------- ---------- ----------- ----- -------
00000000    00000000    00000dc8   00000dc8    r-x
  00000000    00000000    0000026c   0000026c    r-- .intvecs
  0000026c    0000026c    00000a7e   00000a7e    r-x .text
  00000cec    00000cec    000000c0   000000c0    r-- .const
  00000db0    00000db0    00000018   00000018    r-- .cinit
20000000    20000000    00000208   00000000    rw-
  20000000    20000000    00000200   00000000    rw- .stack
  20000200    20000200    00000008   00000000    rw- .data


SECTION ALLOCATION MAP

 output                                  attributes/
section   page    origin      length       input sections
--------  ----  ----------  ----------   ----------------
.intvecs   0    00000000    0000026c     
                  00000000    0000026c     tm4c123gh6pm_startup_ccs.obj (.intvecs)

.text      0    0000026c    00000a7e     
                  0000026c    000004e8     uartstdio.obj (.text)
                  00000754    0000016c     driverlib.lib : gpio.obj (.text:GPIOPadConfigSet)
                  000008c0    000000f4                   : sysctl.obj (.text:SysCtlClockSet)
                  000009b4    0000009c     rtsv7M4_T_le_v4SPD16_eabi.lib : memcpy_t2.asm.obj (.text)
                  00000a50    00000088     main.obj (.text)
                  00000ad8    00000068     rtsv7M4_T_le_v4SPD16_eabi.lib : copy_decompress_lzss.c.obj (.text:decompress:lzss:__TI_decompress_lzss)
                  00000b40    0000004c     driverlib.lib : gpio.obj (.text:GPIOPinConfigure)
                  00000b8c    00000044     rtsv7M4_T_le_v4SPD16_eabi.lib : autoinit.c.obj (.text:__TI_auto_init_nobinit_nopinit:__TI_auto_init_nobinit_nopinit)
                  00000bd0    00000040                                   : u_divt2.asm.obj (.text)
                  00000c10    00000034     driverlib.lib : sysctl.obj (.text:SysCtlPeripheralEnable)
                  00000c44    00000034     rtsv7M4_T_le_v4SPD16_eabi.lib : boot_cortex_m.c.obj (.text:_c_int00_noargs:_c_int00_noargs)
                  00000c78    0000002c     driverlib.lib : gpio.obj (.text:GPIODirModeSet)
                  00000ca4    00000016                   : gpio.obj (.text:GPIOPinTypeUART)
                  00000cba    0000000e     rtsv7M4_T_le_v4SPD16_eabi.lib : copy_decompress_none.c.obj (.text:decompress:none:__TI_decompress_none)
                  00000cc8    0000000c     tm4c123gh6pm_startup_ccs.obj (.text)
                  00000cd4    00000006     driverlib.lib : sysctl.obj (.text:SysCtlDelay)
                  00000cda    00000006                   : uart.obj (.text:UARTClockSourceSet)
                  00000ce0    00000004     rtsv7M4_T_le_v4SPD16_eabi.lib : pre_init.c.obj (.text:_system_pre_init)
                  00000ce4    00000004                                   : exit.c.obj (.text:abort:abort)
                  00000ce8    00000002                                   : div0.asm.obj (.text)

.const     0    00000cec    000000c0     
                  00000cec    00000090     driverlib.lib : gpio.obj (.const:g_pui32GPIOBaseAddrs)
                  00000d7c    00000012     uartstdio.obj (.const:.string)
                  00000d8e    00000002     --HOLE-- [fill = 0]
                  00000d90    0000000c     uartstdio.obj (.const:g_ui32UARTBase)
                  00000d9c    0000000c     uartstdio.obj (.const:g_ui32UARTPeriph)
                  00000da8    00000004     uartstdio.obj (.const)

.cinit     0    00000db0    00000018     
                  00000db0    00000008     (__TI_handler_table)
                  00000db8    00000007     (.cinit..data.load) [load image, compression = lzss]
                  00000dbf    00000001     --HOLE-- [fill = 0]
                  00000dc0    00000008     (__TI_cinit_table)

.init_array 
*          0    00000000    00000000     UNINITIALIZED

.data      0    20000200    00000008     UNINITIALIZED
                  20000200    00000005     uartstdio.obj (.data)
                  20000205    00000001     --HOLE--
                  20000206    00000002     main.obj (.data)

.stack     0    20000000    00000200     UNINITIALIZED
                  20000000    00000004     rtsv7M4_T_le_v4SPD16_eabi.lib : boot_cortex_m.c.obj (.stack)
                  20000004    000001fc     --HOLE--

__llvm_prf_cnts 
*          0    20000000    00000000     UNINITIALIZED

MODULE SUMMARY

       Module                         code   ro data   rw data
       ------                         ----   -------   -------
    .\
       uartstdio.obj                  1256   46        5      
       tm4c123gh6pm_startup_ccs.obj   12     620       0      
       main.obj                       136    0         2      
    +--+------------------------------+------+---------+---------+
       Total:                         1404   666       7      
                                                              
    D:/SDKs/ti/TivaWare_C_Series-2.2.0.295/driverlib/ccs/Debug/driverlib.lib
       gpio.obj                       506    144       0      
       sysctl.obj                     302    0         0      
       uart.obj                       6      0         0      
    +--+------------------------------+------+---------+---------+
       Total:                         814    144       0      
                                                              
    D:\programas\ti\ccs1110\ccs\tools\compiler\ti-cgt-arm_20.2.5.LTS\lib\rtsv7M4_T_le_v4SPD16_eabi.lib
       memcpy_t2.asm.obj              156    0         0      
       copy_decompress_lzss.c.obj     104    0         0      
       autoinit.c.obj                 68     0         0      
       u_divt2.asm.obj                64     0         0      
       boot_cortex_m.c.obj            52     0         0      
       copy_decompress_none.c.obj     14     0         0      
       exit.c.obj                     4      0         0      
       pre_init.c.obj                 4      0         0      
       div0.asm.obj                   2      0         0      
    +--+------------------------------+------+---------+---------+
       Total:                         468    0         0      
                                                              
       Stack:                         0      0         512    
       Linker Generated:              0      23        0      
    +--+------------------------------+------+---------+---------+
       Grand Total:                   2686   833       519    


LINKER GENERATED COPY TABLES

__TI_cinit_table @ 00000dc0 records: 1, size/record: 8, table size: 8
	.data: load addr=00000db8, load size=00000007 bytes, run addr=20000200, run size=00000008 bytes, compression=lzss


LINKER GENERATED HANDLER TABLE

__TI_handler_table @ 00000db0 records: 2, size/record: 4, table size: 8
	index: 0, handler: __TI_decompress_lzss
	index: 1, handler: __TI_decompress_none


GLOBAL SYMBOLS: SORTED ALPHABETICALLY BY Name 

address   name                          
-------   ----                          
00000ce5  C$$EXIT                       
00000c79  GPIODirModeSet                
00000755  GPIOPadConfigSet              
00000b41  GPIOPinConfigure              
00000ca5  GPIOPinTypeUART               
00000cc9  ResetISR                      
000008c1  SysCtlClockSet                
00000cd5  SysCtlDelay                   
00000c11  SysCtlPeripheralEnable        
00000cdb  UARTClockSourceSet            
0000026d  UARTStdioConfig               
000003ef  UARTgetc                      
00000329  UARTgets                      
0000071f  UARTprintf                    
00000425  UARTvprintf                   
000002cd  UARTwrite                     
20000200  __STACK_END                   
00000200  __STACK_SIZE                  
20000200  __STACK_TOP                   
00000dc0  __TI_CINIT_Base               
00000dc8  __TI_CINIT_Limit              
00000db0  __TI_Handler_Table_Base       
00000db8  __TI_Handler_Table_Limit      
00000b8d  __TI_auto_init_nobinit_nopinit
00000ad9  __TI_decompress_lzss          
00000cbb  __TI_decompress_none          
ffffffff  __TI_pprof_out_hndl           
ffffffff  __TI_prof_data_size           
ffffffff  __TI_prof_data_start          
00000000  __TI_static_base__            
00000ce9  __aeabi_idiv0                 
00000ce9  __aeabi_ldiv0                 
000009b5  __aeabi_memcpy                
000009b5  __aeabi_memcpy4               
000009b5  __aeabi_memcpy8               
00000bd1  __aeabi_uidiv                 
00000bd1  __aeabi_uidivmod              
ffffffff  __binit__                     
ffffffff  __c_args__                    
UNDEFED   __mpu_init                    
20000000  __stack                       
20000000  __start___llvm_prf_cnts       
20000000  __stop___llvm_prf_cnts        
00000c45  _c_int00_noargs               
UNDEFED   _system_post_cinit            
00000ce1  _system_pre_init              
00000ce5  abort                         
ffffffff  binit                         
20000206  cont                          
00000000  g_pfnVectors                  
00000a51  main                          
000009b5  memcpy                        


GLOBAL SYMBOLS: SORTED BY Symbol Address 

address   name                          
-------   ----                          
00000000  __TI_static_base__            
00000000  g_pfnVectors                  
00000200  __STACK_SIZE                  
0000026d  UARTStdioConfig               
000002cd  UARTwrite                     
00000329  UARTgets                      
000003ef  UARTgetc                      
00000425  UARTvprintf                   
0000071f  UARTprintf                    
00000755  GPIOPadConfigSet              
000008c1  SysCtlClockSet                
000009b5  __aeabi_memcpy                
000009b5  __aeabi_memcpy4               
000009b5  __aeabi_memcpy8               
000009b5  memcpy                        
00000a51  main                          
00000ad9  __TI_decompress_lzss          
00000b41  GPIOPinConfigure              
00000b8d  __TI_auto_init_nobinit_nopinit
00000bd1  __aeabi_uidiv                 
00000bd1  __aeabi_uidivmod              
00000c11  SysCtlPeripheralEnable        
00000c45  _c_int00_noargs               
00000c79  GPIODirModeSet                
00000ca5  GPIOPinTypeUART               
00000cbb  __TI_decompress_none          
00000cc9  ResetISR                      
00000cd5  SysCtlDelay                   
00000cdb  UARTClockSourceSet            
00000ce1  _system_pre_init              
00000ce5  C$$EXIT                       
00000ce5  abort                         
00000ce9  __aeabi_idiv0                 
00000ce9  __aeabi_ldiv0                 
00000db0  __TI_Handler_Table_Base       
00000db8  __TI_Handler_Table_Limit      
00000dc0  __TI_CINIT_Base               
00000dc8  __TI_CINIT_Limit              
20000000  __stack                       
20000000  __start___llvm_prf_cnts       
20000000  __stop___llvm_prf_cnts        
20000200  __STACK_END                   
20000200  __STACK_TOP                   
20000206  cont                          
ffffffff  __TI_pprof_out_hndl           
ffffffff  __TI_prof_data_size           
ffffffff  __TI_prof_data_start          
ffffffff  __binit__                     
ffffffff  __c_args__                    
ffffffff  binit                         
UNDEFED   __mpu_init                    
UNDEFED   _system_post_cinit            

[52 symbols]
